// Jest Snapshot v1, https://goo.gl/fbAQLP

exports[`Should colorize json 1`] = `
<div>
  <div>
    <span
      class="text-gray-300"
    >
      {
    </span>
  </div>
  <div>
    <span
      class="text-blue-300"
    >
          "title"
    </span>
    <span
      class="text-gray-300"
    >
      :
    </span>
    <span
      class="text-orange-300"
    >
       "title content"
    </span>
    <span
      class="text-gray-300"
    >
      ,
    </span>
  </div>
  <div>
    <span
      class="text-blue-300"
    >
          "user"
    </span>
    <span
      class="text-gray-300"
    >
      :
    </span>
    <span
      class="text-orange-300"
    >
       ""
    </span>
    <span
      class="text-gray-300"
    >
      ,
    </span>
  </div>
  <div>
    <span
      class="text-blue-300"
    >
          "item"
    </span>
    <span
      class="text-gray-300"
    >
      :
    </span>
    <span
      class="text-purple-300"
    >
       null
    </span>
    <span
      class="text-gray-300"
    >
      ,
    </span>
  </div>
  <div>
    <span
      class="text-blue-300"
    >
          "count"
    </span>
    <span
      class="text-gray-300"
    >
      :
    </span>
    <span
      class="text-purple-300"
    >
       1
    </span>
    <span
      class="text-gray-300"
    >
      ,
    </span>
  </div>
  <div>
    <span
      class="text-blue-300"
    >
          "type"
    </span>
    <span
      class="text-gray-300"
    >
      :
    </span>
    <span
      class="text-gray-300"
    >
       {
    </span>
  </div>
  <div>
    <span
      class="text-blue-300"
    >
              "false"
    </span>
    <span
      class="text-gray-300"
    >
      :
    </span>
    <span
      class="text-purple-300"
    >
       false
    </span>
    <span
      class="text-gray-300"
    >
      ,
    </span>
  </div>
  <div>
    <span
      class="text-blue-300"
    >
              "true"
    </span>
    <span
      class="text-gray-300"
    >
      :
    </span>
    <span
      class="text-orange-300"
    >
       true
    </span>
  </div>
  <div>
    <span
      class="text-gray-300"
    >
          }
    </span>
    <span
      class="text-gray-300"
    >
      ,
    </span>
  </div>
  <div>
    <span
      class="text-blue-300"
    >
          "imgs"
    </span>
    <span
      class="text-gray-300"
    >
      :
    </span>
    <span
      class="text-gray-300"
    >
       [
    </span>
  </div>
  <div>
    <span
      class="text-gray-300"
    >
              {
    </span>
  </div>
  <div>
    <span
      class="text-blue-300"
    >
                  "id"
    </span>
    <span
      class="text-gray-300"
    >
      :
    </span>
    <span
      class="text-orange-300"
    >
       "1"
    </span>
    <span
      class="text-gray-300"
    >
      ,
    </span>
  </div>
  <div>
    <span
      class="text-blue-300"
    >
                  "img"
    </span>
    <span
      class="text-gray-300"
    >
      :
    </span>
    <span
      class="text-orange-300"
    >
       "img/pontinho.png"
    </span>
  </div>
  <div>
    <span
      class="text-gray-300"
    >
              }
    </span>
  </div>
  <div>
    <span
      class="text-gray-300"
    >
          ]
    </span>
  </div>
  <div>
    <span
      class="text-gray-300"
    >
      }
    </span>
  </div>
</div>
`;
